// Jest Snapshot v1, https://goo.gl/fbAQLP

exports[`App rendering specification App is rendered 1`] = `
<div
  className="App"
>
  <h1
    className="text-center"
  >
    GITHUB AND GITLAB USER SEARCH!
  </h1>
  <div
    className="main"
  >
    <div
      className="search container"
    >
      <div
        className="row"
      >
        <h2
          className="text-center"
        >
          Enter a username 
        </h2>
      </div>
      <div
        className="row"
      >
        <form
          className="text-center"
          onSubmit={[Function]}
        >
          <input
            className="search-bar"
            id="username"
            name="username"
            onChange={[Function]}
            type="text"
          />
          <input
            className="btn-internal"
            type="submit"
            value="Search!"
          />
        </form>
      </div>
      <div
        className="search-results text-center row"
      >
        <div
          className="col"
        />
        <div
          className="text-center card"
          style={
            Object {
              "width": "18rem",
            }
          }
        >
          <img
            alt="..."
            className="card-img-top search-img"
          />
          <div
            className="card-body"
          >
            <div
              className="card-title h5"
            >
              GitLab: 
               
            </div>
            <p
              className="card-text"
            >
              No gitLab User found
            </p>
          </div>
        </div>
        <div
          className="text-center card"
          style={
            Object {
              "width": "18rem",
            }
          }
        >
          <img
            alt="..."
            className="card-img-top search-img"
          />
          <div
            className="card-body"
          >
            <div
              className="card-title h5"
            >
              GitHub:
            </div>
            <p
              className="card-text"
            >
              No gitHub user found
            </p>
          </div>
        </div>
        <div
          className="col"
        />
      </div>
    </div>
  </div>
</div>
`;
